// Jest Snapshot v1, https://goo.gl/fbAQLP

exports[`AuthLoading renders without crashing 1`] = `
<View
  style={undefined}
>
  <ActivityIndicator
    animating={true}
    color="#999999"
    hidesWhenStopped={true}
    size="small"
  />
</View>
`;
