// Jest Snapshot v1, https://goo.gl/fbAQLP

exports[`Signup renders without crashing 1`] = `
<View
  accessibilityComponentType={undefined}
  accessibilityLabel={undefined}
  accessibilityTraits={undefined}
  accessible={true}
  hitSlop={undefined}
  nativeID={undefined}
  onLayout={undefined}
  onResponderGrant={[Function]}
  onResponderMove={[Function]}
  onResponderRelease={[Function]}
  onResponderTerminate={[Function]}
  onResponderTerminationRequest={[Function]}
  onStartShouldSetResponder={[Function]}
  style={undefined}
  testID={undefined}
>
  <View
    style={Object {}}
  >
    <View
      style={
        Object {
          "marginBottom": 10,
        }
      }
    >
      <Text
        accessible={true}
        allowFontScaling={true}
        ellipsizeMode="tail"
        style={
          Object {
            "color": "#7F7D7D",
            "fontSize": 12,
            "fontWeight": "400",
            "marginBottom": 7,
          }
        }
      >
        Email
      </Text>
      <View
        style={Object {}}
      >
        <TextInput
          accessibilityLabel="Email"
          allowFontScaling={true}
          autoCapitalize={undefined}
          autoCorrect={undefined}
          autoFocus={undefined}
          blurOnSubmit={undefined}
          clearButtonMode={undefined}
          clearTextOnFocus={undefined}
          editable={undefined}
          enablesReturnKeyAutomatically={undefined}
          keyboardAppearance={undefined}
          keyboardType={undefined}
          maxLength={undefined}
          multiline={undefined}
          numberOfLines={undefined}
          onBlur={undefined}
          onChange={undefined}
          onChangeText={[Function]}
          onContentSizeChange={undefined}
          onEndEditing={undefined}
          onFocus={undefined}
          onKeyPress={undefined}
          onLayout={undefined}
          onSelectionChange={undefined}
          onSubmitEditing={undefined}
          placeholder={undefined}
          placeholderTextColor={undefined}
          returnKeyType={undefined}
          secureTextEntry={undefined}
          selectTextOnFocus={undefined}
          selectionColor={undefined}
          selectionState={undefined}
          style={
            Object {
              "borderColor": "#cccccc",
              "borderRadius": 4,
              "borderWidth": 1,
              "color": "#000000",
              "fontSize": 17,
              "height": 36,
              "marginBottom": 5,
              "paddingHorizontal": 7,
              "paddingVertical": 7,
            }
          }
          underlineColorAndroid="transparent"
          value=""
        />
      </View>
    </View>
    <View
      style={
        Object {
          "marginBottom": 10,
        }
      }
    >
      <Text
        accessible={true}
        allowFontScaling={true}
        ellipsizeMode="tail"
        style={
          Object {
            "color": "#7F7D7D",
            "fontSize": 12,
            "fontWeight": "400",
            "marginBottom": 7,
          }
        }
      >
        Password
      </Text>
      <View
        style={Object {}}
      >
        <TextInput
          accessibilityLabel="Password"
          allowFontScaling={true}
          autoCapitalize={undefined}
          autoCorrect={undefined}
          autoFocus={undefined}
          blurOnSubmit={undefined}
          clearButtonMode={undefined}
          clearTextOnFocus={undefined}
          editable={undefined}
          enablesReturnKeyAutomatically={undefined}
          keyboardAppearance={undefined}
          keyboardType={undefined}
          maxLength={undefined}
          multiline={undefined}
          numberOfLines={undefined}
          onBlur={undefined}
          onChange={undefined}
          onChangeText={[Function]}
          onContentSizeChange={undefined}
          onEndEditing={undefined}
          onFocus={undefined}
          onKeyPress={undefined}
          onLayout={undefined}
          onSelectionChange={undefined}
          onSubmitEditing={undefined}
          placeholder={undefined}
          placeholderTextColor={undefined}
          returnKeyType={undefined}
          secureTextEntry={true}
          selectTextOnFocus={undefined}
          selectionColor={undefined}
          selectionState={undefined}
          style={
            Object {
              "borderColor": "#cccccc",
              "borderRadius": 4,
              "borderWidth": 1,
              "color": "#000000",
              "fontSize": 17,
              "height": 36,
              "marginBottom": 5,
              "paddingHorizontal": 7,
              "paddingVertical": 7,
            }
          }
          underlineColorAndroid="transparent"
          value=""
        />
      </View>
    </View>
    <View
      style={
        Object {
          "marginBottom": 10,
        }
      }
    >
      <Text
        accessible={true}
        allowFontScaling={true}
        ellipsizeMode="tail"
        style={
          Object {
            "color": "#7F7D7D",
            "fontSize": 12,
            "fontWeight": "400",
            "marginBottom": 7,
          }
        }
      >
        Agree to Terms
      </Text>
      <RCTSwitch
        accessibilityLabel="Agree to Terms"
        disabled={false}
        onChange={[Function]}
        onResponderTerminationRequest={[Function]}
        onStartShouldSetResponder={[Function]}
        onTintColor={undefined}
        onValueChange={[Function]}
        style={
          Array [
            Object {
              "height": 31,
              "width": 51,
            },
            Object {
              "marginBottom": 4,
            },
          ]
        }
        thumbTintColor={undefined}
        tintColor={undefined}
        value={false}
      />
    </View>
  </View>
  <View
    accessibilityComponentType={undefined}
    accessibilityLabel={undefined}
    accessibilityTraits={undefined}
    accessible={true}
    collapsable={undefined}
    hasTVPreferredFocus={undefined}
    hitSlop={undefined}
    isTVSelectable={true}
    nativeID={undefined}
    onLayout={undefined}
    onResponderGrant={[Function]}
    onResponderMove={[Function]}
    onResponderRelease={[Function]}
    onResponderTerminate={[Function]}
    onResponderTerminationRequest={[Function]}
    onStartShouldSetResponder={[Function]}
    style={
      Object {
        "opacity": 1,
      }
    }
    testID={undefined}
    tvParallaxProperties={undefined}
  >
    <View>
      <Text
        accessible={true}
        allowFontScaling={true}
        ellipsizeMode="tail"
        style={undefined}
      >
        Sign up
      </Text>
    </View>
  </View>
  <View>
    <Text
      accessible={true}
      allowFontScaling={true}
      ellipsizeMode="tail"
      style={undefined}
    >
      
    </Text>
  </View>
</View>
`;
